FFFFFF                                                                   [100%]
================================== FAILURES ===================================
______________ test_http_502_is_saved_and_counts_as_failed_case _______________

tmp_path = WindowsPath('C:/Users/27497/AppData/Local/Temp/pytest-of-27497/pytest-384/test_http_502_is_saved_and_cou0')

    def test_http_502_is_saved_and_counts_as_failed_case(tmp_path):
>       module = acceptance()
                 ^^^^^^^^^^^^

tests\ch06\test_acceptance.py:25: 
_ _ _ _ _ _ _ _ _ _ _ _ _ _ _ _ _ _ _ _ _ _ _ _ _ _ _ _ _ _ _ _ _ _ _ _ _ _ _ _
tests\ch06\test_acceptance.py:11: in acceptance
    return importlib.import_module("scripts.smoke_ch06_acceptance")
           ^^^^^^^^^^^^^^^^^^^^^^^^^^^^^^^^^^^^^^^^^^^^^^^^^^^^^^^^
..\..\..\AppData\Roaming\uv\python\cpython-3.12-windows-x86_64-none\Lib\importlib\__init__.py:90: in import_module
    return _bootstrap._gcd_import(name[level:], package, level)
           ^^^^^^^^^^^^^^^^^^^^^^^^^^^^^^^^^^^^^^^^^^^^^^^^^^^^
<frozen importlib._bootstrap>:1387: in _gcd_import
    ???
<frozen importlib._bootstrap>:1360: in _find_and_load
    ???
_ _ _ _ _ _ _ _ _ _ _ _ _ _ _ _ _ _ _ _ _ _ _ _ _ _ _ _ _ _ _ _ _ _ _ _ _ _ _ _

name = 'scripts.smoke_ch06_acceptance'
import_ = <function _gcd_import at 0x0000025B706D80E0>

>   ???
E   ModuleNotFoundError: No module named 'scripts.smoke_ch06_acceptance'

<frozen importlib._bootstrap>:1324: ModuleNotFoundError
___________ test_selector_frame_without_waiting_terminal_is_failure ___________

    def test_selector_frame_without_waiting_terminal_is_failure():
        with pytest.raises(ValueError, match="terminal"):
>           acceptance().sse_result('event: order_selection\ndata: {"selection_id":"x"}\n\n')
            ^^^^^^^^^^^^

tests\ch06\test_acceptance.py:40: 
_ _ _ _ _ _ _ _ _ _ _ _ _ _ _ _ _ _ _ _ _ _ _ _ _ _ _ _ _ _ _ _ _ _ _ _ _ _ _ _
tests\ch06\test_acceptance.py:11: in acceptance
    return importlib.import_module("scripts.smoke_ch06_acceptance")
           ^^^^^^^^^^^^^^^^^^^^^^^^^^^^^^^^^^^^^^^^^^^^^^^^^^^^^^^^
..\..\..\AppData\Roaming\uv\python\cpython-3.12-windows-x86_64-none\Lib\importlib\__init__.py:90: in import_module
    return _bootstrap._gcd_import(name[level:], package, level)
           ^^^^^^^^^^^^^^^^^^^^^^^^^^^^^^^^^^^^^^^^^^^^^^^^^^^^
<frozen importlib._bootstrap>:1387: in _gcd_import
    ???
<frozen importlib._bootstrap>:1360: in _find_and_load
    ???
_ _ _ _ _ _ _ _ _ _ _ _ _ _ _ _ _ _ _ _ _ _ _ _ _ _ _ _ _ _ _ _ _ _ _ _ _ _ _ _

name = 'scripts.smoke_ch06_acceptance'
import_ = <function _gcd_import at 0x0000025B706D80E0>

>   ???
E   ModuleNotFoundError: No module named 'scripts.smoke_ch06_acceptance'

<frozen importlib._bootstrap>:1324: ModuleNotFoundError
_______________ test_sse_error_is_failure_even_with_done_frame ________________

    def test_sse_error_is_failure_even_with_done_frame():
        with pytest.raises(ValueError, match="error"):
>           acceptance().sse_result('event: error\ndata: {"message":"failed"}\n\n'
            ^^^^^^^^^^^^
                                    + 'event: done\ndata: ' + json.dumps(turn()) + '\n\n')

tests\ch06\test_acceptance.py:45: 
_ _ _ _ _ _ _ _ _ _ _ _ _ _ _ _ _ _ _ _ _ _ _ _ _ _ _ _ _ _ _ _ _ _ _ _ _ _ _ _
tests\ch06\test_acceptance.py:11: in acceptance
    return importlib.import_module("scripts.smoke_ch06_acceptance")
           ^^^^^^^^^^^^^^^^^^^^^^^^^^^^^^^^^^^^^^^^^^^^^^^^^^^^^^^^
..\..\..\AppData\Roaming\uv\python\cpython-3.12-windows-x86_64-none\Lib\importlib\__init__.py:90: in import_module
    return _bootstrap._gcd_import(name[level:], package, level)
           ^^^^^^^^^^^^^^^^^^^^^^^^^^^^^^^^^^^^^^^^^^^^^^^^^^^^
<frozen importlib._bootstrap>:1387: in _gcd_import
    ???
<frozen importlib._bootstrap>:1360: in _find_and_load
    ???
_ _ _ _ _ _ _ _ _ _ _ _ _ _ _ _ _ _ _ _ _ _ _ _ _ _ _ _ _ _ _ _ _ _ _ _ _ _ _ _

name = 'scripts.smoke_ch06_acceptance'
import_ = <function _gcd_import at 0x0000025B706D80E0>

>   ???
E   ModuleNotFoundError: No module named 'scripts.smoke_ch06_acceptance'

<frozen importlib._bootstrap>:1324: ModuleNotFoundError
__________________ test_wrong_core_node_sequence_is_failure ___________________

    def test_wrong_core_node_sequence_is_failure():
        wrong = copy.deepcopy(turn())
        wrong["node_trace"][3:5] = ["expand_queries", "load_order"]
        with pytest.raises(ValueError, match="sequence"):
>           acceptance().validate_turn(wrong, intent="退款退货", core=True)
            ^^^^^^^^^^^^

tests\ch06\test_acceptance.py:53: 
_ _ _ _ _ _ _ _ _ _ _ _ _ _ _ _ _ _ _ _ _ _ _ _ _ _ _ _ _ _ _ _ _ _ _ _ _ _ _ _
tests\ch06\test_acceptance.py:11: in acceptance
    return importlib.import_module("scripts.smoke_ch06_acceptance")
           ^^^^^^^^^^^^^^^^^^^^^^^^^^^^^^^^^^^^^^^^^^^^^^^^^^^^^^^^
..\..\..\AppData\Roaming\uv\python\cpython-3.12-windows-x86_64-none\Lib\importlib\__init__.py:90: in import_module
    return _bootstrap._gcd_import(name[level:], package, level)
           ^^^^^^^^^^^^^^^^^^^^^^^^^^^^^^^^^^^^^^^^^^^^^^^^^^^^
<frozen importlib._bootstrap>:1387: in _gcd_import
    ???
<frozen importlib._bootstrap>:1360: in _find_and_load
    ???
_ _ _ _ _ _ _ _ _ _ _ _ _ _ _ _ _ _ _ _ _ _ _ _ _ _ _ _ _ _ _ _ _ _ _ _ _ _ _ _

name = 'scripts.smoke_ch06_acceptance'
import_ = <function _gcd_import at 0x0000025B706D80E0>

>   ???
E   ModuleNotFoundError: No module named 'scripts.smoke_ch06_acceptance'

<frozen importlib._bootstrap>:1324: ModuleNotFoundError
______ test_fake_application_number_is_failure_and_stable_receipt_passes ______

    def test_fake_application_number_is_failure_and_stable_receipt_passes():
>       module = acceptance()
                 ^^^^^^^^^^^^

tests\ch06\test_acceptance.py:57: 
_ _ _ _ _ _ _ _ _ _ _ _ _ _ _ _ _ _ _ _ _ _ _ _ _ _ _ _ _ _ _ _ _ _ _ _ _ _ _ _
tests\ch06\test_acceptance.py:11: in acceptance
    return importlib.import_module("scripts.smoke_ch06_acceptance")
           ^^^^^^^^^^^^^^^^^^^^^^^^^^^^^^^^^^^^^^^^^^^^^^^^^^^^^^^^
..\..\..\AppData\Roaming\uv\python\cpython-3.12-windows-x86_64-none\Lib\importlib\__init__.py:90: in import_module
    return _bootstrap._gcd_import(name[level:], package, level)
           ^^^^^^^^^^^^^^^^^^^^^^^^^^^^^^^^^^^^^^^^^^^^^^^^^^^^
<frozen importlib._bootstrap>:1387: in _gcd_import
    ???
<frozen importlib._bootstrap>:1360: in _find_and_load
    ???
_ _ _ _ _ _ _ _ _ _ _ _ _ _ _ _ _ _ _ _ _ _ _ _ _ _ _ _ _ _ _ _ _ _ _ _ _ _ _ _

name = 'scripts.smoke_ch06_acceptance'
import_ = <function _gcd_import at 0x0000025B706D80E0>

>   ???
E   ModuleNotFoundError: No module named 'scripts.smoke_ch06_acceptance'

<frozen importlib._bootstrap>:1324: ModuleNotFoundError
_____________ test_waiting_result_cannot_be_treated_as_completed ______________

    def test_waiting_result_cannot_be_treated_as_completed():
        wrong = turn()
        wrong["status"] = "waiting_for_order"
        with pytest.raises(ValueError, match="waiting"):
>           acceptance().validate_turn(wrong, intent="退款退货", core=True)
            ^^^^^^^^^^^^

tests\ch06\test_acceptance.py:71: 
_ _ _ _ _ _ _ _ _ _ _ _ _ _ _ _ _ _ _ _ _ _ _ _ _ _ _ _ _ _ _ _ _ _ _ _ _ _ _ _
tests\ch06\test_acceptance.py:11: in acceptance
    return importlib.import_module("scripts.smoke_ch06_acceptance")
           ^^^^^^^^^^^^^^^^^^^^^^^^^^^^^^^^^^^^^^^^^^^^^^^^^^^^^^^^
..\..\..\AppData\Roaming\uv\python\cpython-3.12-windows-x86_64-none\Lib\importlib\__init__.py:90: in import_module
    return _bootstrap._gcd_import(name[level:], package, level)
           ^^^^^^^^^^^^^^^^^^^^^^^^^^^^^^^^^^^^^^^^^^^^^^^^^^^^
<frozen importlib._bootstrap>:1387: in _gcd_import
    ???
<frozen importlib._bootstrap>:1360: in _find_and_load
    ???
_ _ _ _ _ _ _ _ _ _ _ _ _ _ _ _ _ _ _ _ _ _ _ _ _ _ _ _ _ _ _ _ _ _ _ _ _ _ _ _

name = 'scripts.smoke_ch06_acceptance'
import_ = <function _gcd_import at 0x0000025B706D80E0>

>   ???
E   ModuleNotFoundError: No module named 'scripts.smoke_ch06_acceptance'

<frozen importlib._bootstrap>:1324: ModuleNotFoundError
=========================== short test summary info ===========================
FAILED tests/ch06/test_acceptance.py::test_http_502_is_saved_and_counts_as_failed_case
FAILED tests/ch06/test_acceptance.py::test_selector_frame_without_waiting_terminal_is_failure
FAILED tests/ch06/test_acceptance.py::test_sse_error_is_failure_even_with_done_frame
FAILED tests/ch06/test_acceptance.py::test_wrong_core_node_sequence_is_failure
FAILED tests/ch06/test_acceptance.py::test_fake_application_number_is_failure_and_stable_receipt_passes
FAILED tests/ch06/test_acceptance.py::test_waiting_result_cannot_be_treated_as_completed
6 failed in 0.65s
